// Jest Snapshot v1, https://goo.gl/fbAQLP

exports[`should render ExpenseListItem with expense 1`] = `
<div>
  <Link
    replace={false}
    to="/edit/1"
  >
    <h3>
      Gum
    </h3>
  </Link>
  <p>
    Summa: 
    1.95
     kr
  </p>
  <p>
    Skapad: 
    January 1, 1970
  </p>
</div>
`;
